logic__365: 
reg__13: 
logic__640: 
logic__198: 
reg__97: 
logic__593: 
logic__274: 
reg__28: 
case__31: 
case__57: 
logic__138: 
case__8: 
logic__159: 
reg__102: 
case__190: 
reg__4: 
logic__488: 
logic__178: 
pselect_f__parameterized13: 
reg__25: 
logic__357: 
logic__359: 
reg__42: 
logic__156: 
logic__387: 
logic__199: 
reg__6: 
logic__381: 
case__115: 
logic__267: 
reg__62: 
reg__48: 
pselect_f__parameterized3: 
pselect_f__parameterized20: 
case__130: 
reg__109: 
case__113: 
pselect_f: 
reg__126: 
case__66: 
logic__219: 
logic__172: 
reg__119: 
reg__112: 
case__188: 
logic__650: 
signinv: 
datapath__1: 
reg__71: 
case__26: 
reg__86: 
logic__396: 
reg__32: 
case__75: 
case__28: 
case__169: 
logic__372: 
reg__150: 
pselect_f__parameterized16: 
logic__536: 
reg__115: 
case__168: 
case__131: 
reg__11: 
reg__77: 
reg__34: 
logic__590: 
logic__354: 
case__100: 
logic__582: 
reg__110: 
logic__600: 
logic__189: 
pselect_f__parameterized27: 
logic__137: 
logic__373: 
datapath__6: 
case__38: 
logic__318: 
logic__203: 
case__194: 
logic__180: 
case__77: 
logic__583: 
logic__171: 
logic__516: 
logic__181: 
logic__257: 
muxpart__10: 
case__95: 
reg__26: 
reg__121: 
reg__27: 
case__129: 
pselect_f__parameterized28: 
reg__120: 
logic__134: 
logic__637: 
case__182: 
logic__358: 
logic__223: 
logic__564: 
reg__47: 
datapath: 
pselect_f__parameterized11: 
case__74: 
logic__222: 
logic__399: 
logic__317: 
reg__90: 
logic__132: 
logic__226: 
reg_interface: 
logic__208: 
reg__145: 
case__123: 
case__20: 
logic__487: 
counter__2: 
reg__167: 
datapath__16: 
reg__114: 
reg__75: 
pselect_f__parameterized4: 
logic__575: 
reg__92: 
reg__65: 
pselect_f__parameterized25: 
reg__64: 
logic__647: 
reg__137: 
datapath__3: 
datapath__14: 
case__126: 
case__186: 
reg__2: 
logic__265: 
reg__148: 
reg__125: 
logic__504: 
logic__375: 
logic__136: 
case__37: 
pselect_f__parameterized35: 
reg__5: 
reg__171: 
logic__581: 
reg__15: 
case__34: 
logic__160: 
case__118: 
reg__100: 
logic__229: 
pselect_f__parameterized10: 
case__80: 
upcnt_n: 
case__71: 
muxpart: 
case__171: 
case__116: 
logic__86: 
logic__143: 
case__30: 
logic__323: 
case__193: 
reg__129: 
SRL_FIFO__parameterized0: 
reg__118: 
case__2: 
pselect_f__parameterized2: 
reg__139: 
pselect_f__parameterized30: 
logic__362: 
logic__176: 
case__56: 
reg__83: 
case__172: 
case__197: 
logic__587: 
case__167: 
datapath__10: 
logic__643: 
logic__388: 
logic__352: 
case__183: 
case__88: 
logic__353: 
datapath__12: 
reg__111: 
reg__38: 
pselect_f__parameterized33: 
SRL_FIFO: 
reg__67: 
logic__204: 
reg__157: 
reg__93: 
case__87: 
reg__76: 
case__64: 
logic__228: 
case__85: 
case__3: 
logic__232: 
case__189: 
case__94: 
logic__270: 
logic__147: 
case__82: 
reg__19: 
logic__496: 
case__73: 
reg__35: 
pselect_f__parameterized7: 
pselect_f__parameterized17: 
logic__282: 
reg__74: 
reg__36: 
logic__163: 
logic__558: 
reg__155: 
logic__139: 
reg__173: 
reg__147: 
reg__70: 
shift8: 
logic__256: 
logic__83: 
case__196: 
logic__311: 
logic__499: 
case__72: 
logic__567: 
case__180: 
pselect_f__parameterized5: 
pselect_f__parameterized31: 
reg__99: 
reg__24: 
logic__393: 
case__25: 
case__191: 
case__4: 
logic__188: 
case__114: 
logic__520: 
case__93: 
case__83: 
reg__113: 
reg__12: 
soft_reset: 
reg__98: 
logic__309: 
case__6: 
logic__5: 
logic__148: 
pselect_f__parameterized6: 
pselect_f__parameterized22: 
logic__546: 
reg__152: 
reg__21: 
case__29: 
logic__308: 
reg__16: 
reg__44: 
reg__63: 
case__24: 
logic__151: 
case__15: 
case__18: 
logic__627: 
case__69: 
case__32: 
logic__245: 
case__27: 
reg__81: 
reg__159: 
logic__286: 
logic__547: 
reg__132: 
reg__7: 
reg__60: 
case__127: 
reg__85: 
pselect_f__parameterized34: 
case__133: 
logic__526: 
reg__116: 
case__22: 
reg__154: 
interrupt_control: 
reg__153: 
case__89: 
case__23: 
case__97: 
logic__133: 
logic__248: 
case__99: 
logic__305: 
logic__285: 
logic__167: 
reg__49: 
reg__138: 
logic__135: 
datapath__11: 
reg__106: 
logic__195: 
reg__30: 
reg__69: 
reg__141: 
logic__472: 
logic__374: 
pselect_f__parameterized9: 
case__67: 
pselect_f__parameterized12: 
logic__551: 
axi_ipif_ssp1: 
logic__175: 
logic__293: 
case__33: 
case: 
logic__530: 
logic__100: 
logic__312: 
case__96: 
logic__264: 
reg__3: 
case__117: 
upcnt_n__parameterized0: 
logic__249: 
logic__144: 
logic__596: 
reg__101: 
pselect_f__parameterized8: 
reg__170: 
pselect_f__parameterized29: 
reg__14: 
reg__158: 
case__58: 
reg__95: 
reg__162: 
reg__146: 
logic__1: 
logic__475: 
case__132: 
logic__2: 
datapath__7: 
case__98: 
reg__105: 
reg__89: 
reg__9: 
reg__55: 
reg__108: 
logic__322: 
reg__133: 
reg__52: 
pselect_f__parameterized19: 
reg__128: 
case__1: 
logic__179: 
case__179: 
logic__261: 
reg__131: 
reg__107: 
logic__205: 
logic__168: 
logic__316: 
logic__608: 
reg__117: 
logic__310: 
logic__321: 
logic__290: 
logic__624: 
case__78: 
case__120: 
reg__57: 
case__184: 
reg__104: 
pselect_f__parameterized32: 
case__16: 
logic__529: 
logic__215: 
reg__17: 
reg__144: 
reg__140: 
reg__142: 
logic__91: 
logic__96: 
reg__163: 
logic__584: 
case__185: 
xilinx_zcu104_vcuDec_vmixHdmiTx_202110_1_hdmi_ctrl_iic_0: 
case__19: 
reg__151: 
logic__574: 
reg__161: 
reg__80: 
case__198: 
reg__53: 
axi_lite_ipif: 
logic__561: 
logic__155: 
reg__22: 
pselect_f__parameterized15: 
reg__73: 
case__122: 
logic__95: 
logic__349: 
logic__252: 
logic__570: 
logic__211: 
case__86: 
cdc_sync: 
reg__91: 
iic: 
logic__597: 
reg__166: 
iic_control: 
datapath__15: 
logic: 
case__166: 
logic__266: 
logic__94: 
logic__615: 
case__90: 
case__121: 
case__135: 
pselect_f__parameterized21: 
reg: 
counter: 
logic__389: 
reg__18: 
reg__127: 
reg__61: 
datapath__5: 
logic__273: 
case__173: 
filter: 
logic__90: 
case__81: 
case__174: 
logic__618: 
case__195: 
logic__541: 
case__181: 
logic__87: 
logic__621: 
case__21: 
datapath__9: 
logic__216: 
datapath__4: 
muxpart__1: 
reg__94: 
logic__129: 
logic__269: 
pselect_f__parameterized18: 
case__125: 
case__5: 
reg__78: 
case__76: 
datapath__13: 
reg__20: 
logic__508: 
reg__88: 
reg__23: 
reg__165: 
case__119: 
case__112: 
slave_attachment: 
reg__84: 
logic__8: 
pselect_f__parameterized24: 
case__84: 
reg__68: 
reg__149: 
case__9: 
reg__66: 
reg__1: 
case__65: 
logic__289: 
case__68: 
case__12: 
reg__58: 
reg__164: 
logic__366: 
logic__578: 
logic__152: 
case__170: 
logic__535: 
logic__484: 
reg__124: 
case__39: 
reg__31: 
reg__51: 
reg__33: 
case__63: 
logic__644: 
logic__177: 
reg__87: 
dynamic_master: 
counter__1: 
reg__29: 
case__14: 
reg__172: 
reg__79: 
reg__96: 
reg__156: 
logic__503: 
logic__164: 
logic__296: 
reg__37: 
reg__43: 
datapath__8: 
reg__8: 
reg__54: 
pselect_f__parameterized1: 
reg__130: 
case__11: 
pselect_f__parameterized23: 
reg__174: 
reg__103: 
reg__143: 
logic__182: 
reg__50: 
logic__187: 
case__13: 
logic__214: 
case__175: 
case__128: 
logic__313: 
reg__39: 
case__10: 
logic__183: 
case__134: 
case__92: 
reg__72: 
reg__40: 
logic__84: 
reg__136: 
reg__56: 
logic__513: 
datapath__17: 
logic__573: 
pselect_f__parameterized14: 
axi_iic: 
reg__169: 
logic__46: 
case__124: 
case__192: 
case__91: 
datapath__2: 
reg__10: 
logic__268: 
reg__59: 
reg__168: 
logic__481: 
logic__604: 
reg__160: 
logic__517: 
debounce: 
pselect_f__parameterized0: 
reg__41: 
case__70: 
pselect_f__parameterized26: 
case__7: 
logic__324: 
logic__45: 
reg__82: 
logic__630: 
logic__603: 
logic__277: 
address_decoder: 
case__17: 
logic__142: 
